main.c:120:5:main	8	static
main.c:195:6:SystemClock_Config	72	static
main.c:231:13:MX_SPI1_Init	8	static
main.c:269:13:MX_GPIO_Init	32	static
main.c:310:6:mover	8	static
main.c:349:5:aloca_proxima_posicao	24	static
main.c:385:5:aloca_posicao_anterior	24	static
main.c:417:5:confirma_posicao	16	static
main.c:470:6:tabuleirio_init	16	static
main.c:532:6:alternar_jogador	4	static
main.c:581:6:jogar_melhor_de_tres	24	static
main.c:603:6:ChamaHashtag	24	static
main.c:618:5:verificar_vencedor	4	static
main.c:673:6:exibe_vencedor	24	static
main.c:699:6:desenha_matriz	40	static
main.c:718:6:Error_Handler	4	static,ignoring_inline_asm
