Archive member included to satisfy reference by file (symbol)

c:/st/stm32cubeide_1.5.1/stm32cubeide/plugins/com.st.stm32cube.ide.mcu.externaltools.gnu-tools-for-stm32.7-2018-q2-update.win32_1.5.0.202011040924/tools/bin/../lib/gcc/arm-none-eabi/7.3.1/../../../../arm-none-eabi/lib/thumb/v7-m\libc_nano.a(lib_a-errno.o)
                              Core/Src/syscalls.o (__errno)
c:/st/stm32cubeide_1.5.1/stm32cubeide/plugins/com.st.stm32cube.ide.mcu.externaltools.gnu-tools-for-stm32.7-2018-q2-update.win32_1.5.0.202011040924/tools/bin/../lib/gcc/arm-none-eabi/7.3.1/../../../../arm-none-eabi/lib/thumb/v7-m\libc_nano.a(lib_a-exit.o)
                              c:/st/stm32cubeide_1.5.1/stm32cubeide/plugins/com.st.stm32cube.ide.mcu.externaltools.gnu-tools-for-stm32.7-2018-q2-update.win32_1.5.0.202011040924/tools/bin/../lib/gcc/arm-none-eabi/7.3.1/../../../../arm-none-eabi/lib/thumb/v7-m/crt0.o (exit)
c:/st/stm32cubeide_1.5.1/stm32cubeide/plugins/com.st.stm32cube.ide.mcu.externaltools.gnu-tools-for-stm32.7-2018-q2-update.win32_1.5.0.202011040924/tools/bin/../lib/gcc/arm-none-eabi/7.3.1/../../../../arm-none-eabi/lib/thumb/v7-m\libc_nano.a(lib_a-impure.o)
                              c:/st/stm32cubeide_1.5.1/stm32cubeide/plugins/com.st.stm32cube.ide.mcu.externaltools.gnu-tools-for-stm32.7-2018-q2-update.win32_1.5.0.202011040924/tools/bin/../lib/gcc/arm-none-eabi/7.3.1/../../../../arm-none-eabi/lib/thumb/v7-m\libc_nano.a(lib_a-exit.o) (_global_impure_ptr)
c:/st/stm32cubeide_1.5.1/stm32cubeide/plugins/com.st.stm32cube.ide.mcu.externaltools.gnu-tools-for-stm32.7-2018-q2-update.win32_1.5.0.202011040924/tools/bin/../lib/gcc/arm-none-eabi/7.3.1/../../../../arm-none-eabi/lib/thumb/v7-m\libc_nano.a(lib_a-init.o)
                              c:/st/stm32cubeide_1.5.1/stm32cubeide/plugins/com.st.stm32cube.ide.mcu.externaltools.gnu-tools-for-stm32.7-2018-q2-update.win32_1.5.0.202011040924/tools/bin/../lib/gcc/arm-none-eabi/7.3.1/../../../../arm-none-eabi/lib/thumb/v7-m/crt0.o (__libc_init_array)
c:/st/stm32cubeide_1.5.1/stm32cubeide/plugins/com.st.stm32cube.ide.mcu.externaltools.gnu-tools-for-stm32.7-2018-q2-update.win32_1.5.0.202011040924/tools/bin/../lib/gcc/arm-none-eabi/7.3.1/../../../../arm-none-eabi/lib/thumb/v7-m\libc_nano.a(lib_a-malloc.o)
                              Core/Src/ST7735/st7735.o (malloc)
c:/st/stm32cubeide_1.5.1/stm32cubeide/plugins/com.st.stm32cube.ide.mcu.externaltools.gnu-tools-for-stm32.7-2018-q2-update.win32_1.5.0.202011040924/tools/bin/../lib/gcc/arm-none-eabi/7.3.1/../../../../arm-none-eabi/lib/thumb/v7-m\libc_nano.a(lib_a-memset.o)
                              c:/st/stm32cubeide_1.5.1/stm32cubeide/plugins/com.st.stm32cube.ide.mcu.externaltools.gnu-tools-for-stm32.7-2018-q2-update.win32_1.5.0.202011040924/tools/bin/../lib/gcc/arm-none-eabi/7.3.1/../../../../arm-none-eabi/lib/thumb/v7-m/crt0.o (memset)
c:/st/stm32cubeide_1.5.1/stm32cubeide/plugins/com.st.stm32cube.ide.mcu.externaltools.gnu-tools-for-stm32.7-2018-q2-update.win32_1.5.0.202011040924/tools/bin/../lib/gcc/arm-none-eabi/7.3.1/../../../../arm-none-eabi/lib/thumb/v7-m\libc_nano.a(lib_a-nano-freer.o)
                              c:/st/stm32cubeide_1.5.1/stm32cubeide/plugins/com.st.stm32cube.ide.mcu.externaltools.gnu-tools-for-stm32.7-2018-q2-update.win32_1.5.0.202011040924/tools/bin/../lib/gcc/arm-none-eabi/7.3.1/../../../../arm-none-eabi/lib/thumb/v7-m\libc_nano.a(lib_a-malloc.o) (_free_r)
c:/st/stm32cubeide_1.5.1/stm32cubeide/plugins/com.st.stm32cube.ide.mcu.externaltools.gnu-tools-for-stm32.7-2018-q2-update.win32_1.5.0.202011040924/tools/bin/../lib/gcc/arm-none-eabi/7.3.1/../../../../arm-none-eabi/lib/thumb/v7-m\libc_nano.a(lib_a-nano-mallocr.o)
                              c:/st/stm32cubeide_1.5.1/stm32cubeide/plugins/com.st.stm32cube.ide.mcu.externaltools.gnu-tools-for-stm32.7-2018-q2-update.win32_1.5.0.202011040924/tools/bin/../lib/gcc/arm-none-eabi/7.3.1/../../../../arm-none-eabi/lib/thumb/v7-m\libc_nano.a(lib_a-malloc.o) (_malloc_r)
c:/st/stm32cubeide_1.5.1/stm32cubeide/plugins/com.st.stm32cube.ide.mcu.externaltools.gnu-tools-for-stm32.7-2018-q2-update.win32_1.5.0.202011040924/tools/bin/../lib/gcc/arm-none-eabi/7.3.1/../../../../arm-none-eabi/lib/thumb/v7-m\libc_nano.a(lib_a-sbrkr.o)
                              c:/st/stm32cubeide_1.5.1/stm32cubeide/plugins/com.st.stm32cube.ide.mcu.externaltools.gnu-tools-for-stm32.7-2018-q2-update.win32_1.5.0.202011040924/tools/bin/../lib/gcc/arm-none-eabi/7.3.1/../../../../arm-none-eabi/lib/thumb/v7-m\libc_nano.a(lib_a-nano-mallocr.o) (_sbrk_r)
c:/st/stm32cubeide_1.5.1/stm32cubeide/plugins/com.st.stm32cube.ide.mcu.externaltools.gnu-tools-for-stm32.7-2018-q2-update.win32_1.5.0.202011040924/tools/bin/../lib/gcc/arm-none-eabi/7.3.1/../../../../arm-none-eabi/lib/thumb/v7-m\libc_nano.a(lib_a-mlock.o)
[...]
Memory Configuration

Name             Origin             Length             Attributes
RAM              0x0000000020000000 0x0000000000005000 xrw
FLASH            0x0000000008000000 0x0000000000010000 xr
*default*        0x0000000000000000 0xffffffffffffffff

Linker script and memory map

LOAD c:/st/stm32cubeide_1.5.1/stm32cubeide/plugins/com.st.stm32cube.ide.mcu.externaltools.gnu-tools-for-stm32.7-2018-q2-update.win32_1.5.0.202011040924/tools/bin/../lib/gcc/arm-none-eabi/7.3.1/thumb/v7-m/crti.o
LOAD c:/st/stm32cubeide_1.5.1/stm32cubeide/plugins/com.st.stm32cube.ide.mcu.externaltools.gnu-tools-for-stm32.7-2018-q2-update.win32_1.5.0.202011040924/tools/bin/../lib/gcc/arm-none-eabi/7.3.1/thumb/v7-m/crtbegin.o
LOAD c:/st/stm32cubeide_1.5.1/stm32cubeide/plugins/com.st.stm32cube.ide.mcu.externaltools.gnu-tools-for-stm32.7-2018-q2-update.win32_1.5.0.202011040924/tools/bin/../lib/gcc/arm-none-eabi/7.3.1/../../../../arm-none-eabi/lib/thumb/v7-m/crt0.o
LOAD Core/Src/ST7735/fonts.o
LOAD Core/Src/ST7735/st7735.o
LOAD Core/Src/main.o
LOAD Core/Src/stm32f1xx_hal_msp.o
LOAD Core/Src/stm32f1xx_it.o
LOAD Core/Src/syscalls.o
LOAD Core/Src/sysmem.o
LOAD Core/Src/system_stm32f1xx.o
LOAD Core/Startup/startup_stm32f103c8tx.o
LOAD Drivers/STM32F1xx_HAL_Driver/Src/stm32f1xx_hal.o
LOAD Drivers/STM32F1xx_HAL_Driver/Src/stm32f1xx_hal_cortex.o
LOAD Drivers/STM32F1xx_HAL_Driver/Src/stm32f1xx_hal_dma.o
LOAD Drivers/STM32F1xx_HAL_Driver/Src/stm32f1xx_hal_exti.o
LOAD Drivers/STM32F1xx_HAL_Driver/Src/stm32f1xx_hal_flash.o
LOAD Drivers/STM32F1xx_HAL_Driver/Src/stm32f1xx_hal_flash_ex.o
LOAD Drivers/STM32F1xx_HAL_Driver/Src/stm32f1xx_hal_gpio.o
LOAD Drivers/STM32F1xx_HAL_Driver/Src/stm32f1xx_hal_gpio_ex.o
LOAD Drivers/STM32F1xx_HAL_Driver/Src/stm32f1xx_hal_pwr.o
LOAD Drivers/STM32F1xx_HAL_Driver/Src/stm32f1xx_hal_rcc.o
LOAD Drivers/STM32F1xx_HAL_Driver/Src/stm32f1xx_hal_rcc_ex.o
LOAD Drivers/STM32F1xx_HAL_Driver/Src/stm32f1xx_hal_spi.o
LOAD Drivers/STM32F1xx_HAL_Driver/Src/stm32f1xx_hal_tim.o
LOAD Drivers/STM32F1xx_HAL_Driver/Src/stm32f1xx_hal_tim_ex.o
START GROUP
LOAD c:/st/stm32cubeide_1.5.1/stm32cubeide/plugins/com.st.stm32cube.ide.mcu.externaltools.gnu-tools-for-stm32.7-2018-q2-update.win32_1.5.0.202011040924/tools/bin/../lib/gcc/arm-none-eabi/7.3.1/../../../../arm-none-eabi/lib/thumb/v7-m\libc_nano.a
LOAD c:/st/stm32cubeide_1.5.1/stm32cubeide/plugins/com.st.stm32cube.ide.mcu.externaltools.gnu-tools-for-stm32.7-2018-q2-update.win32_1.5.0.202011040924/tools/bin/../lib/gcc/arm-none-eabi/7.3.1/../../../../arm-none-eabi/lib/thumb/v7-m\libm.a
END GROUP
START GROUP
LOAD c:/st/stm32cubeide_1.5.1/stm32cubeide/plugins/com.st.stm32cube.ide.mcu.externaltools.gnu-tools-for-stm32.7-2018-q2-update.win32_1.5.0.202011040924/tools/bin/../lib/gcc/arm-none-eabi/7.3.1/thumb/v7-m\libgcc.a
LOAD c:/st/stm32cubeide_1.5.1/stm32cubeide/plugins/com.st.stm32cube.ide.mcu.externaltools.gnu-tools-for-stm32.7-2018-q2-update.win32_1.5.0.202011040924/tools/bin/../lib/gcc/arm-none-eabi/7.3.1/../../../../arm-none-eabi/lib/thumb/v7-m\libc_nano.a
END GROUP
START GROUP
LOAD c:/st/stm32cubeide_1.5.1/stm32cubeide/plugins/com.st.stm32cube.ide.mcu.externaltools.gnu-tools-for-stm32.7-2018-q2-update.win32_1.5.0.202011040924/tools/bin/../lib/gcc/arm-none-eabi/7.3.1/thumb/v7-m\libgcc.a
LOAD c:/st/stm32cubeide_1.5.1/stm32cubeide/plugins/com.st.stm32cube.ide.mcu.externaltools.gnu-tools-for-stm32.7-2018-q2-update.win32_1.5.0.202011040924/tools/bin/../lib/gcc/arm-none-eabi/7.3.1/../../../../arm-none-eabi/lib/thumb/v7-m\libc_nano.a
LOAD c:/st/stm32cubeide_1.5.1/stm32cubeide/plugins/com.st.stm32cube.ide.mcu.externaltools.gnu-tools-for-stm32.7-2018-q2-update.win32_1.5.0.202011040924/tools/bin/../lib/gcc/arm-none-eabi/7.3.1/../../../../arm-none-eabi/lib/thumb/v7-m\libnosys.a
END GROUP
START GROUP
LOAD c:/st/stm32cubeide_1.5.1/stm32cubeide/plugins/com.st.stm32cube.ide.mcu.externaltools.gnu-tools-for-stm32.7-2018-q2-update.win32_1.5.0.202011040924/tools/bin/../lib/gcc/arm-none-eabi/7.3.1/thumb/v7-m\libgcc.a
LOAD c:/st/stm32cubeide_1.5.1/stm32cubeide/plugins/com.st.stm32cube.ide.mcu.externaltools.gnu-tools-for-stm32.7-2018-q2-update.win32_1.5.0.202011040924/tools/bin/../lib/gcc/arm-none-eabi/7.3.1/../../../../arm-none-eabi/lib/thumb/v7-m\libc_nano.a
LOAD c:/st/stm32cubeide_1.5.1/stm32cubeide/plugins/com.st.stm32cube.ide.mcu.externaltools.gnu-tools-for-stm32.7-2018-q2-update.win32_1.5.0.202011040924/tools/bin/../lib/gcc/arm-none-eabi/7.3.1/../../../../arm-none-eabi/lib/thumb/v7-m\libnosys.a
END GROUP
LOAD c:/st/stm32cubeide_1.5.1/stm32cubeide/plugins/com.st.stm32cube.ide.mcu.externaltools.gnu-tools-for-stm32.7-2018-q2-update.win32_1.5.0.202011040924/tools/bin/../lib/gcc/arm-none-eabi/7.3.1/thumb/v7-m/crtend.o
LOAD c:/st/stm32cubeide_1.5.1/stm32cubeide/plugins/com.st.stm32cube.ide.mcu.externaltools.gnu-tools-for-stm32.7-2018-q2-update.win32_1.5.0.202011040924/tools/bin/../lib/gcc/arm-none-eabi/7.3.1/thumb/v7-m/crtn.o
                0x0000000020005000                _estack = (ORIGIN (RAM) + LENGTH (RAM))
                0x0000000000000200                _Min_Heap_Size = 0x200
                0x0000000000000400                _Min_Stack_Size = 0x400

.isr_vector     0x0000000008000000      0x10c
                0x0000000008000000                . = ALIGN (0x4)
 *(.isr_vector)
 .isr_vector    0x0000000008000000      0x10c Core/Startup/startup_stm32f103c8tx.o
                0x0000000008000000                g_pfnVectors
                0x000000000800010c                . = ALIGN (0x4)

.text           0x000000000800010c     0x2648
                0x000000000800010c                . = ALIGN (0x4)
 *(.text)
 .text          0x000000000800010c       0x40 c:/st/stm32cubeide_1.5.1/stm32cubeide/plugins/com.st.stm32cube.ide.mcu.externaltools.gnu-tools-for-stm32.7-2018-q2-update.win32_1.5.0.202011040924/tools/bin/../lib/gcc/arm-none-eabi/7.3.1/thumb/v7-m/crtbegin.o
 *(.text*)
 .text.ST7735_Select
                0x000000000800014c       0x18 Core/Src/ST7735/st7735.o
 .text.ST7735_Unselect
                0x0000000008000164       0x18 Core/Src/ST7735/st7735.o
                0x0000000008000164                ST7735_Unselect
 .text.ST7735_Reset
                0x000000000800017c       0x28 Core/Src/ST7735/st7735.o
 .text.ST7735_WriteCommand
                0x00000000080001a4       0x34 Core/Src/ST7735/st7735.o
 .text.ST7735_WriteData
                0x00000000080001d8       0x34 Core/Src/ST7735/st7735.o
 .text.ST7735_ExecuteCommandList
                0x000000000800020c       0x90 Core/Src/ST7735/st7735.o
 .text.ST7735_SetAddressWindow
                0x000000000800029c       0x78 Core/Src/ST7735/st7735.o
 .text.ST7735_Init
                0x0000000008000314       0x34 Core/Src/ST7735/st7735.o
                0x0000000008000314                ST7735_Init
 .text.ST7735_DrawPixel
                0x0000000008000348       0x68 Core/Src/ST7735/st7735.o
                0x0000000008000348                ST7735_DrawPixel
 .text.ST7735_WriteChar
                0x00000000080003b0       0xec Core/Src/ST7735/st7735.o
 .text.ST7735_WriteString
                0x000000000800049c       0x94 Core/Src/ST7735/st7735.o
                0x000000000800049c                ST7735_WriteString
 .text.ST7735_FillRectangle
                0x0000000008000530       0xe8 Core/Src/ST7735/st7735.o
                0x0000000008000530                ST7735_FillRectangle
 .text.ST7735_FillScreen
                0x0000000008000618       0x22 Core/Src/ST7735/st7735.o
                0x0000000008000618                ST7735_FillScreen
 .text.ST7735_DrawLine
                0x000000000800063a      0x116 Core/Src/ST7735/st7735.o
                0x000000000800063a                ST7735_DrawLine
 .text.main     0x0000000008000750       0x2c Core/Src/main.o
                0x0000000008000750                main
 .text.SystemClock_Config
                0x000000000800077c       0x76 Core/Src/main.o
                0x000000000800077c                SystemClock_Config
 *fill*         0x00000000080007f2        0x2 
 .text.MX_SPI1_Init
                0x00000000080007f4       0x70 Core/Src/main.o
 .text.MX_GPIO_Init
                0x0000000008000864       0xc0 Core/Src/main.o
 .text.mover    0x0000000008000924       0xa8 Core/Src/main.o
                0x0000000008000924                mover
 .text.aloca_proxima_posicao
                0x00000000080009cc       0xc4 Core/Src/main.o
                0x00000000080009cc                aloca_proxima_posicao
 .text.aloca_posicao_anterior
                0x0000000008000a90       0xc4 Core/Src/main.o
                0x0000000008000a90                aloca_posicao_anterior
 .text.confirma_posicao
                0x0000000008000b54       0x9c Core/Src/main.o
                0x0000000008000b54                confirma_posicao
 .text.tabuleirio_init
                0x0000000008000bf0      0x2a4 Core/Src/main.o
                0x0000000008000bf0                tabuleirio_init
 .text.alternar_jogador
                0x0000000008000e94       0x28 Core/Src/main.o
                0x0000000008000e94                alternar_jogador
 .text.ChamaHashtag
                0x0000000008000ebc       0xbc Core/Src/main.o
                0x0000000008000ebc                ChamaHashtag
 .text.verificar_vencedor
                0x0000000008000f78      0x1d0 Core/Src/main.o
                0x0000000008000f78                verificar_vencedor
 .text.exibe_vencedor
                0x0000000008001148      0x10c Core/Src/main.o
                0x0000000008001148                exibe_vencedor
 .text.desenha_matriz
                0x0000000008001254       0x7c Core/Src/main.o
                0x0000000008001254                desenha_matriz
 .text.Error_Handler
                0x00000000080012d0        0x8 Core/Src/main.o
                0x00000000080012d0                Error_Handler
 .text.HAL_MspInit
                0x00000000080012d8       0x64 Core/Src/stm32f1xx_hal_msp.o
                0x00000000080012d8                HAL_MspInit
 .text.HAL_SPI_MspInit
                0x000000000800133c       0x7c Core/Src/stm32f1xx_hal_msp.o
                0x000000000800133c                HAL_SPI_MspInit
 .text.NMI_Handler
                0x00000000080013b8        0x6 Core/Src/stm32f1xx_it.o
                0x00000000080013b8                NMI_Handler
 .text.HardFault_Handler
                0x00000000080013be        0x6 Core/Src/stm32f1xx_it.o
                0x00000000080013be                HardFault_Handler
 .text.MemManage_Handler
                0x00000000080013c4        0x6 Core/Src/stm32f1xx_it.o
                0x00000000080013c4                MemManage_Handler
 .text.BusFault_Handler
                0x00000000080013ca        0x6 Core/Src/stm32f1xx_it.o
                0x00000000080013ca                BusFault_Handler
 .text.UsageFault_Handler
                0x00000000080013d0        0x6 Core/Src/stm32f1xx_it.o
                0x00000000080013d0                UsageFault_Handler
 .text.SVC_Handler
                0x00000000080013d6        0xc Core/Src/stm32f1xx_it.o
                0x00000000080013d6                SVC_Handler
 .text.DebugMon_Handler
                0x00000000080013e2        0xc Core/Src/stm32f1xx_it.o
                0x00000000080013e2                DebugMon_Handler
 .text.PendSV_Handler
                0x00000000080013ee        0xc Core/Src/stm32f1xx_it.o
                0x00000000080013ee                PendSV_Handler
 .text.SysTick_Handler
                0x00000000080013fa        0xc Core/Src/stm32f1xx_it.o
                0x00000000080013fa                SysTick_Handler
 .text.SystemInit
                0x0000000008001406        0xc Core/Src/system_stm32f1xx.o
                0x0000000008001406                SystemInit
 *fill*         0x0000000008001412        0x2 
 .text.Reset_Handler
                0x0000000008001414       0x48 Core/Startup/startup_stm32f103c8tx.o
                0x0000000008001414                Reset_Handler
 .text.Default_Handler
                0x000000000800145c        0x2 Core/Startup/startup_stm32f103c8tx.o
                0x000000000800145c                RTC_Alarm_IRQHandler
                0x000000000800145c                EXTI2_IRQHandler
                0x000000000800145c                TIM1_CC_IRQHandler
                0x000000000800145c                PVD_IRQHandler
                0x000000000800145c                EXTI3_IRQHandler
                0x000000000800145c                EXTI0_IRQHandler
                0x000000000800145c                I2C2_EV_IRQHandler
                0x000000000800145c                ADC1_2_IRQHandler
                0x000000000800145c                SPI1_IRQHandler
                0x000000000800145c                TAMPER_IRQHandler
                0x000000000800145c                DMA1_Channel4_IRQHandler
                0x000000000800145c                USART3_IRQHandler
                0x000000000800145c                RTC_IRQHandler
                0x000000000800145c                DMA1_Channel7_IRQHandler
                0x000000000800145c                CAN1_RX1_IRQHandler
                0x000000000800145c                TIM4_IRQHandler
                0x000000000800145c                I2C1_EV_IRQHandler
                0x000000000800145c                DMA1_Channel6_IRQHandler
                0x000000000800145c                TIM3_IRQHandler
                0x000000000800145c                RCC_IRQHandler
                0x000000000800145c                TIM1_TRG_COM_IRQHandler
                0x000000000800145c                DMA1_Channel1_IRQHandler
                0x000000000800145c                Default_Handler
                0x000000000800145c                EXTI15_10_IRQHandler
                0x000000000800145c                EXTI9_5_IRQHandler
                0x000000000800145c                SPI2_IRQHandler
                0x000000000800145c                DMA1_Channel5_IRQHandler
                0x000000000800145c                EXTI4_IRQHandler
                0x000000000800145c                USB_LP_CAN1_RX0_IRQHandler
                0x000000000800145c                USB_HP_CAN1_TX_IRQHandler
                0x000000000800145c                DMA1_Channel3_IRQHandler
                0x000000000800145c                TIM1_UP_IRQHandler
                0x000000000800145c                WWDG_IRQHandler
                0x000000000800145c                TIM2_IRQHandler
                0x000000000800145c                TIM1_BRK_IRQHandler
                0x000000000800145c                EXTI1_IRQHandler
                0x000000000800145c                USART2_IRQHandler
                0x000000000800145c                I2C2_ER_IRQHandler
                0x000000000800145c                DMA1_Channel2_IRQHandler
                0x000000000800145c                CAN1_SCE_IRQHandler
                0x000000000800145c                FLASH_IRQHandler
                0x000000000800145c                USART1_IRQHandler
                0x000000000800145c                I2C1_ER_IRQHandler
                0x000000000800145c                USBWakeUp_IRQHandler
 *fill*         0x000000000800145e        0x2 
 .text.HAL_Init
                0x0000000008001460       0x2c Drivers/STM32F1xx_HAL_Driver/Src/stm32f1xx_hal.o
                0x0000000008001460                HAL_Init
 .text.HAL_InitTick
                0x000000000800148c       0x60 Drivers/STM32F1xx_HAL_Driver/Src/stm32f1xx_hal.o
                0x000000000800148c                HAL_InitTick
 .text.HAL_IncTick
                0x00000000080014ec       0x24 Drivers/STM32F1xx_HAL_Driver/Src/stm32f1xx_hal.o
                0x00000000080014ec                HAL_IncTick
 .text.HAL_GetTick
                0x0000000008001510       0x14 Drivers/STM32F1xx_HAL_Driver/Src/stm32f1xx_hal.o
                0x0000000008001510                HAL_GetTick
 .text.HAL_Delay
                0x0000000008001524       0x44 Drivers/STM32F1xx_HAL_Driver/Src/stm32f1xx_hal.o
                0x0000000008001524                HAL_Delay
 .text.__NVIC_SetPriorityGrouping
                0x0000000008001568       0x48 Drivers/STM32F1xx_HAL_Driver/Src/stm32f1xx_hal_cortex.o
 .text.__NVIC_GetPriorityGrouping
                0x00000000080015b0       0x1c Drivers/STM32F1xx_HAL_Driver/Src/stm32f1xx_hal_cortex.o
 .text.__NVIC_SetPriority
                0x00000000080015cc       0x54 Drivers/STM32F1xx_HAL_Driver/Src/stm32f1xx_hal_cortex.o
 .text.NVIC_EncodePriority
                0x0000000008001620       0x64 Drivers/STM32F1xx_HAL_Driver/Src/stm32f1xx_hal_cortex.o
 .text.SysTick_Config
                0x0000000008001684       0x44 Drivers/STM32F1xx_HAL_Driver/Src/stm32f1xx_hal_cortex.o
 .text.HAL_NVIC_SetPriorityGrouping
                0x00000000080016c8       0x16 Drivers/STM32F1xx_HAL_Driver/Src/stm32f1xx_hal_cortex.o
                0x00000000080016c8                HAL_NVIC_SetPriorityGrouping
 .text.HAL_NVIC_SetPriority
                0x00000000080016de       0x38 Drivers/STM32F1xx_HAL_Driver/Src/stm32f1xx_hal_cortex.o
                0x00000000080016de                HAL_NVIC_SetPriority
 .text.HAL_SYSTICK_Config
                0x0000000008001716       0x18 Drivers/STM32F1xx_HAL_Driver/Src/stm32f1xx_hal_cortex.o
                0x0000000008001716                HAL_SYSTICK_Config
 *fill*         0x000000000800172e        0x2 
 .text.HAL_GPIO_Init
                0x0000000008001730      0x2b4 Drivers/STM32F1xx_HAL_Driver/Src/stm32f1xx_hal_gpio.o
                0x0000000008001730                HAL_GPIO_Init
 .text.HAL_GPIO_ReadPin
                0x00000000080019e4       0x2e Drivers/STM32F1xx_HAL_Driver/Src/stm32f1xx_hal_gpio.o
                0x00000000080019e4                HAL_GPIO_ReadPin
 .text.HAL_GPIO_WritePin
                0x0000000008001a12       0x30 Drivers/STM32F1xx_HAL_Driver/Src/stm32f1xx_hal_gpio.o
                0x0000000008001a12                HAL_GPIO_WritePin
 *fill*         0x0000000008001a42        0x2 
 .text.HAL_RCC_OscConfig
                0x0000000008001a44      0x500 Drivers/STM32F1xx_HAL_Driver/Src/stm32f1xx_hal_rcc.o
                0x0000000008001a44                HAL_RCC_OscConfig
 .text.HAL_RCC_ClockConfig
                0x0000000008001f44      0x1d4 Drivers/STM32F1xx_HAL_Driver/Src/stm32f1xx_hal_rcc.o
                0x0000000008001f44                HAL_RCC_ClockConfig
 .text.HAL_RCC_GetSysClockFreq
                0x0000000008002118       0xc4 Drivers/STM32F1xx_HAL_Driver/Src/stm32f1xx_hal_rcc.o
                0x0000000008002118                HAL_RCC_GetSysClockFreq
 .text.RCC_Delay
                0x00000000080021dc       0x3c Drivers/STM32F1xx_HAL_Driver/Src/stm32f1xx_hal_rcc.o
 .text.HAL_SPI_Init
                0x0000000008002218      0x108 Drivers/STM32F1xx_HAL_Driver/Src/stm32f1xx_hal_spi.o
                0x0000000008002218                HAL_SPI_Init
 .text.HAL_SPI_Transmit
                0x0000000008002320      0x278 Drivers/STM32F1xx_HAL_Driver/Src/stm32f1xx_hal_spi.o
                0x0000000008002320                HAL_SPI_Transmit
 .text.SPI_WaitFlagStateUntilTimeout
                0x0000000008002598      0x110 Drivers/STM32F1xx_HAL_Driver/Src/stm32f1xx_hal_spi.o
 .text.SPI_EndRxTxTransaction
                0x00000000080026a8       0x3c Drivers/STM32F1xx_HAL_Driver/Src/stm32f1xx_hal_spi.o
 .text.__libc_init_array
                0x00000000080026e4       0x48 c:/st/stm32cubeide_1.5.1/stm32cubeide/plugins/com.st.stm32cube.ide.mcu.externaltools.gnu-tools-for-stm32.7-2018-q2-update.win32_1.5.0.202011040924/tools/bin/../lib/gcc/arm-none-eabi/7.3.1/../../../../arm-none-eabi/lib/thumb/v7-m\libc_nano.a(lib_a-init.o)
                0x00000000080026e4                __libc_init_array
 .text.memset   0x000000000800272c       0x10 c:/st/stm32cubeide_1.5.1/stm32cubeide/plugins/com.st.stm32cube.ide.mcu.externaltools.gnu-tools-for-stm32.7-2018-q2-update.win32_1.5.0.202011040924/tools/bin/../lib/gcc/arm-none-eabi/7.3.1/../../../../arm-none-eabi/lib/thumb/v7-m\libc_nano.a(lib_a-memset.o)
                0x000000000800272c                memset
 *(.glue_7)
 .glue_7        0x000000000800273c        0x0 linker stubs
 *(.glue_7t)
 .glue_7t       0x000000000800273c        0x0 linker stubs
 *(.eh_frame)
 .eh_frame      0x000000000800273c        0x0 c:/st/stm32cubeide_1.5.1/stm32cubeide/plugins/com.st.stm32cube.ide.mcu.externaltools.gnu-tools-for-stm32.7-2018-q2-update.win32_1.5.0.202011040924/tools/bin/../lib/gcc/arm-none-eabi/7.3.1/thumb/v7-m/crtbegin.o
 *(.init)
 .init          0x000000000800273c        0x4 c:/st/stm32cubeide_1.5.1/stm32cubeide/plugins/com.st.stm32cube.ide.mcu.externaltools.gnu-tools-for-stm32.7-2018-q2-update.win32_1.5.0.202011040924/tools/bin/../lib/gcc/arm-none-eabi/7.3.1/thumb/v7-m/crti.o
                0x000000000800273c                _init
 .init          0x0000000008002740        0x8 c:/st/stm32cubeide_1.5.1/stm32cubeide/plugins/com.st.stm32cube.ide.mcu.externaltools.gnu-tools-for-stm32.7-2018-q2-update.win32_1.5.0.202011040924/tools/bin/../lib/gcc/arm-none-eabi/7.3.1/thumb/v7-m/crtn.o
 *(.fini)
 .fini          0x0000000008002748        0x4 c:/st/stm32cubeide_1.5.1/stm32cubeide/plugins/com.st.stm32cube.ide.mcu.externaltools.gnu-tools-for-stm32.7-2018-q2-update.win32_1.5.0.202011040924/tools/bin/../lib/gcc/arm-none-eabi/7.3.1/thumb/v7-m/crti.o
                0x0000000008002748                _fini
 .fini          0x000000000800274c        0x8 c:/st/stm32cubeide_1.5.1/stm32cubeide/plugins/com.st.stm32cube.ide.mcu.externaltools.gnu-tools-for-stm32.7-2018-q2-update.win32_1.5.0.202011040924/tools/bin/../lib/gcc/arm-none-eabi/7.3.1/thumb/v7-m/crtn.o
                0x0000000008002754                . = ALIGN (0x4)
                0x0000000008002754                _etext = .

.vfp11_veneer   0x0000000008002754        0x0
 .vfp11_veneer  0x0000000008002754        0x0 linker stubs

.v4_bx          0x0000000008002754        0x0
 .v4_bx         0x0000000008002754        0x0 linker stubs

.iplt           0x0000000008002754        0x0
 .iplt          0x0000000008002754        0x0 c:/st/stm32cubeide_1.5.1/stm32cubeide/plugins/com.st.stm32cube.ide.mcu.externaltools.gnu-tools-for-stm32.7-2018-q2-update.win32_1.5.0.202011040924/tools/bin/../lib/gcc/arm-none-eabi/7.3.1/thumb/v7-m/crtbegin.o

.rodata         0x0000000008002754     0x15cc
                0x0000000008002754                . = ALIGN (0x4)
 *(.rodata)
 .rodata        0x0000000008002754       0x66 Core/Src/main.o
 *fill*         0x00000000080027ba        0x2 
 .rodata        0x00000000080027bc       0x12 Drivers/STM32F1xx_HAL_Driver/Src/stm32f1xx_hal_rcc.o
 *(.rodata*)
 *fill*         0x00000000080027ce        0x2 
 .rodata.Font7x10
                0x00000000080027d0      0x76c Core/Src/ST7735/fonts.o
 .rodata.Font11x18
                0x0000000008002f3c      0xd5c Core/Src/ST7735/fonts.o
 .rodata.init_cmds1
                0x0000000008003c98       0x3b Core/Src/ST7735/st7735.o
 *fill*         0x0000000008003cd3        0x1 
 .rodata.init_cmds2
                0x0000000008003cd4        0xf Core/Src/ST7735/st7735.o
 *fill*         0x0000000008003ce3        0x1 
 .rodata.init_cmds3
                0x0000000008003ce4       0x2b Core/Src/ST7735/st7735.o
 *fill*         0x0000000008003d0f        0x1 
 .rodata.AHBPrescTable
                0x0000000008003d10       0x10 Core/Src/system_stm32f1xx.o
                0x0000000008003d10                AHBPrescTable
                0x0000000008003d20                . = ALIGN (0x4)

.rel.dyn        0x0000000008003d20        0x0
 .rel.iplt      0x0000000008003d20        0x0 c:/st/stm32cubeide_1.5.1/stm32cubeide/plugins/com.st.stm32cube.ide.mcu.externaltools.gnu-tools-for-stm32.7-2018-q2-update.win32_1.5.0.202011040924/tools/bin/../lib/gcc/arm-none-eabi/7.3.1/thumb/v7-m/crtbegin.o

.ARM.extab      0x0000000008003d20        0x0
                0x0000000008003d20                . = ALIGN (0x4)
 *(.ARM.extab* .gnu.linkonce.armextab.*)
                0x0000000008003d20                . = ALIGN (0x4)

.ARM            0x0000000008003d20        0x0
                0x0000000008003d20                . = ALIGN (0x4)
                0x0000000008003d20                __exidx_start = .
 *(.ARM.exidx*)
                0x0000000008003d20                __exidx_end = .
                0x0000000008003d20                . = ALIGN (0x4)

.preinit_array  0x0000000008003d20        0x0
                0x0000000008003d20                . = ALIGN (0x4)
                0x0000000008003d20                PROVIDE (__preinit_array_start = .)
 *(.preinit_array*)
                0x0000000008003d20                PROVIDE (__preinit_array_end = .)
                0x0000000008003d20                . = ALIGN (0x4)

.init_array     0x0000000008003d20        0x4
                0x0000000008003d20                . = ALIGN (0x4)
                0x0000000008003d20                PROVIDE (__init_array_start = .)
 *(SORT_BY_NAME(.init_array.*))
 *(.init_array*)
 .init_array    0x0000000008003d20        0x4 c:/st/stm32cubeide_1.5.1/stm32cubeide/plugins/com.st.stm32cube.ide.mcu.externaltools.gnu-tools-for-stm32.7-2018-q2-update.win32_1.5.0.202011040924/tools/bin/../lib/gcc/arm-none-eabi/7.3.1/thumb/v7-m/crtbegin.o
                0x0000000008003d24                PROVIDE (__init_array_end = .)
                0x0000000008003d24                . = ALIGN (0x4)

.fini_array     0x0000000008003d24        0x4
                0x0000000008003d24                . = ALIGN (0x4)
                [!provide]                        PROVIDE (__fini_array_start = .)
 *(SORT_BY_NAME(.fini_array.*))
 *(.fini_array*)
 .fini_array    0x0000000008003d24        0x4 c:/st/stm32cubeide_1.5.1/stm32cubeide/plugins/com.st.stm32cube.ide.mcu.externaltools.gnu-tools-for-stm32.7-2018-q2-update.win32_1.5.0.202011040924/tools/bin/../lib/gcc/arm-none-eabi/7.3.1/thumb/v7-m/crtbegin.o
                [!provide]                        PROVIDE (__fini_array_end = .)
                0x0000000008003d28                . = ALIGN (0x4)
                0x0000000008003d28                _sidata = LOADADDR (.data)

.data           0x0000000020000000       0x20 load address 0x0000000008003d28
                0x0000000020000000                . = ALIGN (0x4)
                0x0000000020000000                _sdata = .
 *(.data)
 *(.data*)
 .data.Font_7x10
                0x0000000020000000        0x8 Core/Src/ST7735/fonts.o
                0x0000000020000000                Font_7x10
 .data.Font_11x18
                0x0000000020000008        0x8 Core/Src/ST7735/fonts.o
                0x0000000020000008                Font_11x18
 .data.jogador_atual
                0x0000000020000010        0x4 Core/Src/main.o
                0x0000000020000010                jogador_atual
 .data.SystemCoreClock
                0x0000000020000014        0x4 Core/Src/system_stm32f1xx.o
                0x0000000020000014                SystemCoreClock
 .data.uwTickPrio
                0x0000000020000018        0x4 Drivers/STM32F1xx_HAL_Driver/Src/stm32f1xx_hal.o
                0x0000000020000018                uwTickPrio
 .data.uwTickFreq
                0x000000002000001c        0x1 Drivers/STM32F1xx_HAL_Driver/Src/stm32f1xx_hal.o
                0x000000002000001c                uwTickFreq
 *(.RamFunc)
 *(.RamFunc*)
                0x0000000020000020                . = ALIGN (0x4)
 *fill*         0x000000002000001d        0x3 
                0x0000000020000020                _edata = .

.igot.plt       0x0000000020000020        0x0 load address 0x0000000008003d48
 .igot.plt      0x0000000020000020        0x0 c:/st/stm32cubeide_1.5.1/stm32cubeide/plugins/com.st.stm32cube.ide.mcu.externaltools.gnu-tools-for-stm32.7-2018-q2-update.win32_1.5.0.202011040924/tools/bin/../lib/gcc/arm-none-eabi/7.3.1/thumb/v7-m/crtbegin.o
                0x0000000020000020                . = ALIGN (0x4)

.bss            0x0000000020000020      0x130 load address 0x0000000008003d48
                0x0000000020000020                _sbss = .
                0x0000000020000020                __bss_start__ = _sbss
 *(.bss)
 .bss           0x0000000020000020       0x1c c:/st/stm32cubeide_1.5.1/stm32cubeide/plugins/com.st.stm32cube.ide.mcu.externaltools.gnu-tools-for-stm32.7-2018-q2-update.win32_1.5.0.202011040924/tools/bin/../lib/gcc/arm-none-eabi/7.3.1/thumb/v7-m/crtbegin.o
 *(.bss*)
 .bss.posicao_tabuleiro.6660
                0x000000002000003c        0x4 Core/Src/main.o
 *(COMMON)
 COMMON         0x0000000020000040      0x10c Core/Src/main.o
                0x0000000020000040                table_game
                0x00000000200000f4                hspi1
 COMMON         0x000000002000014c        0x4 Drivers/STM32F1xx_HAL_Driver/Src/stm32f1xx_hal.o
                0x000000002000014c                uwTick
                0x0000000020000150                . = ALIGN (0x4)
                0x0000000020000150                _ebss = .
                0x0000000020000150                __bss_end__ = _ebss

._user_heap_stack
                0x0000000020000150      0x600 load address 0x0000000008003d48
                0x0000000020000150                . = ALIGN (0x8)
                [!provide]                        PROVIDE (end = .)
                0x0000000020000150                PROVIDE (_end = .)
                0x0000000020000350                . = (. + _Min_Heap_Size)
 *fill*         0x0000000020000150      0x200 
                0x0000000020000750                . = (. + _Min_Stack_Size)
 *fill*         0x0000000020000350      0x400 
                0x0000000020000750                . = ALIGN (0x8)

/DISCARD/
 libc.a(*)
 libm.a(*)
 libgcc.a(*)

.ARM.attributes
                0x0000000000000000       0x29
 *(.ARM.attributes)
 .ARM.attributes
                0x0000000000000000       0x1d c:/st/stm32cubeide_1.5.1/stm32cubeide/plugins/com.st.stm32cube.ide.mcu.externaltools.gnu-tools-for-stm32.7-2018-q2-update.win32_1.5.0.202011040924/tools/bin/../lib/gcc/arm-none-eabi/7.3.1/thumb/v7-m/crti.o
 .ARM.attributes
                0x000000000000001d       0x2d c:/st/stm32cubeide_1.5.1/stm32cubeide/plugins/com.st.stm32cube.ide.mcu.externaltools.gnu-tools-for-stm32.7-2018-q2-update.win32_1.5.0.202011040924/tools/bin/../lib/gcc/arm-none-eabi/7.3.1/thumb/v7-m/crtbegin.o
 .ARM.attributes
                0x000000000000004a       0x33 Core/Src/ST7735/fonts.o
 .ARM.attributes
                0x000000000000007d       0x33 Core/Src/ST7735/st7735.o
 .ARM.attributes
                0x00000000000000b0       0x33 Core/Src/main.o
 .ARM.attributes
                0x00000000000000e3       0x33 Core/Src/stm32f1xx_hal_msp.o
 .ARM.attributes
                0x0000000000000116       0x33 Core/Src/stm32f1xx_it.o
 .ARM.attributes
                0x0000000000000149       0x33 Core/Src/system_stm32f1xx.o
 .ARM.attributes
                0x000000000000017c       0x21 Core/Startup/startup_stm32f103c8tx.o
 .ARM.attributes
                0x000000000000019d       0x33 Drivers/STM32F1xx_HAL_Driver/Src/stm32f1xx_hal.o
 .ARM.attributes
                0x00000000000001d0       0x33 Drivers/STM32F1xx_HAL_Driver/Src/stm32f1xx_hal_cortex.o
 .ARM.attributes
                0x0000000000000203       0x33 Drivers/STM32F1xx_HAL_Driver/Src/stm32f1xx_hal_gpio.o
 .ARM.attributes
                0x0000000000000236       0x33 Drivers/STM32F1xx_HAL_Driver/Src/stm32f1xx_hal_rcc.o
 .ARM.attributes
                0x0000000000000269       0x33 Drivers/STM32F1xx_HAL_Driver/Src/stm32f1xx_hal_spi.o
 .ARM.attributes
                0x000000000000029c       0x2d c:/st/stm32cubeide_1.5.1/stm32cubeide/plugins/com.st.stm32cube.ide.mcu.externaltools.gnu-tools-for-stm32.7-2018-q2-update.win32_1.5.0.202011040924/tools/bin/../lib/gcc/arm-none-eabi/7.3.1/../../../../arm-none-eabi/lib/thumb/v7-m\libc_nano.a(lib_a-init.o)
 .ARM.attributes
                0x00000000000002c9       0x2d c:/st/stm32cubeide_1.5.1/stm32cubeide/plugins/com.st.stm32cube.ide.mcu.externaltools.gnu-tools-for-stm32.7-2018-q2-update.win32_1.5.0.202011040924/tools/bin/../lib/gcc/arm-none-eabi/7.3.1/../../../../arm-none-eabi/lib/thumb/v7-m\libc_nano.a(lib_a-memset.o)
 .ARM.attributes
                0x00000000000002f6       0x1d c:/st/stm32cubeide_1.5.1/stm32cubeide/plugins/com.st.stm32cube.ide.mcu.externaltools.gnu-tools-for-stm32.7-2018-q2-update.win32_1.5.0.202011040924/tools/bin/../lib/gcc/arm-none-eabi/7.3.1/thumb/v7-m/crtn.o
OUTPUT(projeto_integrado_km.elf elf32-littlearm)

.debug_info     0x0000000000000000     0x6fa9
 .debug_info    0x0000000000000000      0x19c Core/Src/ST7735/fonts.o
 .debug_info    0x000000000000019c     0x159b Core/Src/ST7735/st7735.o
 .debug_info    0x0000000000001737     0x148a Core/Src/main.o
 .debug_info    0x0000000000002bc1      0x892 Core/Src/stm32f1xx_hal_msp.o
 .debug_info    0x0000000000003453      0x20a Core/Src/stm32f1xx_it.o
 .debug_info    0x000000000000365d      0x29a Core/Src/system_stm32f1xx.o
 .debug_info    0x00000000000038f7       0x22 Core/Startup/startup_stm32f103c8tx.o
 .debug_info    0x0000000000003919      0x714 Drivers/STM32F1xx_HAL_Driver/Src/stm32f1xx_hal.o
 .debug_info    0x000000000000402d      0xb51 Drivers/STM32F1xx_HAL_Driver/Src/stm32f1xx_hal_cortex.o
 .debug_info    0x0000000000004b7e      0x69b Drivers/STM32F1xx_HAL_Driver/Src/stm32f1xx_hal_gpio.o
 .debug_info    0x0000000000005219      0x80f Drivers/STM32F1xx_HAL_Driver/Src/stm32f1xx_hal_rcc.o
 .debug_info    0x0000000000005a28     0x1581 Drivers/STM32F1xx_HAL_Driver/Src/stm32f1xx_hal_spi.o

.debug_abbrev   0x0000000000000000     0x1518
 .debug_abbrev  0x0000000000000000       0xa1 Core/Src/ST7735/fonts.o
 .debug_abbrev  0x00000000000000a1      0x2d2 Core/Src/ST7735/st7735.o
 .debug_abbrev  0x0000000000000373      0x32e Core/Src/main.o
 .debug_abbrev  0x00000000000006a1      0x18c Core/Src/stm32f1xx_hal_msp.o
 .debug_abbrev  0x000000000000082d       0xc6 Core/Src/stm32f1xx_it.o
 .debug_abbrev  0x00000000000008f3      0x134 Core/Src/system_stm32f1xx.o
 .debug_abbrev  0x0000000000000a27       0x12 Core/Startup/startup_stm32f103c8tx.o
 .debug_abbrev  0x0000000000000a39      0x1c7 Drivers/STM32F1xx_HAL_Driver/Src/stm32f1xx_hal.o
 .debug_abbrev  0x0000000000000c00      0x2d5 Drivers/STM32F1xx_HAL_Driver/Src/stm32f1xx_hal_cortex.o
 .debug_abbrev  0x0000000000000ed5      0x1c0 Drivers/STM32F1xx_HAL_Driver/Src/stm32f1xx_hal_gpio.o
 .debug_abbrev  0x0000000000001095      0x243 Drivers/STM32F1xx_HAL_Driver/Src/stm32f1xx_hal_rcc.o
 .debug_abbrev  0x00000000000012d8      0x240 Drivers/STM32F1xx_HAL_Driver/Src/stm32f1xx_hal_spi.o

.debug_aranges  0x0000000000000000      0x6e8
 .debug_aranges
                0x0000000000000000       0x18 Core/Src/ST7735/fonts.o
 .debug_aranges
                0x0000000000000018       0xc0 Core/Src/ST7735/st7735.o
 .debug_aranges
                0x00000000000000d8       0x98 Core/Src/main.o
 .debug_aranges
                0x0000000000000170       0x30 Core/Src/stm32f1xx_hal_msp.o
 .debug_aranges
                0x00000000000001a0       0x60 Core/Src/stm32f1xx_it.o
 .debug_aranges
                0x0000000000000200       0x28 Core/Src/system_stm32f1xx.o
 .debug_aranges
                0x0000000000000228       0x28 Core/Startup/startup_stm32f103c8tx.o
 .debug_aranges
                0x0000000000000250       0xe0 Drivers/STM32F1xx_HAL_Driver/Src/stm32f1xx_hal.o
 .debug_aranges
                0x0000000000000330      0x100 Drivers/STM32F1xx_HAL_Driver/Src/stm32f1xx_hal_cortex.o
 .debug_aranges
                0x0000000000000430       0x58 Drivers/STM32F1xx_HAL_Driver/Src/stm32f1xx_hal_gpio.o
 .debug_aranges
                0x0000000000000488       0x90 Drivers/STM32F1xx_HAL_Driver/Src/stm32f1xx_hal_rcc.o
 .debug_aranges
                0x0000000000000518      0x1d0 Drivers/STM32F1xx_HAL_Driver/Src/stm32f1xx_hal_spi.o

.debug_macro    0x0000000000000000    0x173fa
 .debug_macro   0x0000000000000000       0x6d Core/Src/ST7735/fonts.o
 .debug_macro   0x000000000000006d      0xa5a Core/Src/ST7735/fonts.o
 .debug_macro   0x0000000000000ac7       0x22 Core/Src/ST7735/fonts.o
 .debug_macro   0x0000000000000ae9       0x8e Core/Src/ST7735/fonts.o
 .debug_macro   0x0000000000000b77       0x51 Core/Src/ST7735/fonts.o
 .debug_macro   0x0000000000000bc8       0xef Core/Src/ST7735/fonts.o
 .debug_macro   0x0000000000000cb7       0x6a Core/Src/ST7735/fonts.o
 .debug_macro   0x0000000000000d21      0x1df Core/Src/ST7735/fonts.o
 .debug_macro   0x0000000000000f00      0x2ae Core/Src/ST7735/st7735.o
 .debug_macro   0x00000000000011ae      0x215 Core/Src/ST7735/st7735.o
 .debug_macro   0x00000000000013c3       0x2e Core/Src/ST7735/st7735.o
 .debug_macro   0x00000000000013f1       0x22 Core/Src/ST7735/st7735.o
 .debug_macro   0x0000000000001413       0x1c Core/Src/ST7735/st7735.o
 .debug_macro   0x000000000000142f       0x22 Core/Src/ST7735/st7735.o
 .debug_macro   0x0000000000001451       0xc3 Core/Src/ST7735/st7735.o
 .debug_macro   0x0000000000001514      0xd23 Core/Src/ST7735/st7735.o
 .debug_macro   0x0000000000002237     0xe09e Core/Src/ST7735/st7735.o
 .debug_macro   0x00000000000102d5       0x6d Core/Src/ST7735/st7735.o
 .debug_macro   0x0000000000010342     0x3468 Core/Src/ST7735/st7735.o
 .debug_macro   0x00000000000137aa      0x174 Core/Src/ST7735/st7735.o
 .debug_macro   0x000000000001391e       0x5c Core/Src/ST7735/st7735.o
 .debug_macro   0x000000000001397a      0x5be Core/Src/ST7735/st7735.o
 .debug_macro   0x0000000000013f38      0x289 Core/Src/ST7735/st7735.o
 .debug_macro   0x00000000000141c1      0x1cb Core/Src/ST7735/st7735.o
 .debug_macro   0x000000000001438c      0x114 Core/Src/ST7735/st7735.o
 .debug_macro   0x00000000000144a0      0x1b2 Core/Src/ST7735/st7735.o
 .debug_macro   0x0000000000014652       0x27 Core/Src/ST7735/st7735.o
 .debug_macro   0x0000000000014679      0x136 Core/Src/ST7735/st7735.o
 .debug_macro   0x00000000000147af      0x1bc Core/Src/ST7735/st7735.o
 .debug_macro   0x000000000001496b       0x34 Core/Src/ST7735/st7735.o
 .debug_macro   0x000000000001499f       0x3c Core/Src/ST7735/st7735.o
 .debug_macro   0x00000000000149db       0x57 Core/Src/ST7735/st7735.o
 .debug_macro   0x0000000000014a32       0x88 Core/Src/ST7735/st7735.o
 .debug_macro   0x0000000000014aba      0x241 Core/Src/ST7735/st7735.o
 .debug_macro   0x0000000000014cfb      0x141 Core/Src/ST7735/st7735.o
 .debug_macro   0x0000000000014e3c      0x217 Core/Src/ST7735/st7735.o
 .debug_macro   0x0000000000015053       0x83 Core/Src/ST7735/st7735.o
 .debug_macro   0x00000000000150d6       0x28 Core/Src/ST7735/st7735.o
 .debug_macro   0x00000000000150fe       0x22 Core/Src/ST7735/st7735.o
 .debug_macro   0x0000000000015120      0x1ae Core/Src/ST7735/st7735.o
 .debug_macro   0x00000000000152ce       0x46 Core/Src/ST7735/st7735.o
 .debug_macro   0x0000000000015314       0x18 Core/Src/ST7735/st7735.o
 .debug_macro   0x000000000001532c       0x3c Core/Src/ST7735/st7735.o
 .debug_macro   0x0000000000015368       0x34 Core/Src/ST7735/st7735.o
 .debug_macro   0x000000000001539c       0x52 Core/Src/ST7735/st7735.o
 .debug_macro   0x00000000000153ee       0x1f Core/Src/ST7735/st7735.o
 .debug_macro   0x000000000001540d       0x43 Core/Src/ST7735/st7735.o
 .debug_macro   0x0000000000015450       0x20 Core/Src/ST7735/st7735.o
 .debug_macro   0x0000000000015470      0x1a3 Core/Src/ST7735/st7735.o
 .debug_macro   0x0000000000015613       0x35 Core/Src/ST7735/st7735.o
 .debug_macro   0x0000000000015648       0x3c Core/Src/ST7735/st7735.o
 .debug_macro   0x0000000000015684      0x32a Core/Src/ST7735/st7735.o
 .debug_macro   0x00000000000159ae       0x10 Core/Src/ST7735/st7735.o
 .debug_macro   0x00000000000159be       0x20 Core/Src/ST7735/st7735.o
 .debug_macro   0x00000000000159de      0x345 Core/Src/main.o
 .debug_macro   0x0000000000015d23       0x16 Core/Src/main.o
 .debug_macro   0x0000000000015d39       0x97 Core/Src/main.o
 .debug_macro   0x0000000000015dd0      0x330 Core/Src/main.o
 .debug_macro   0x0000000000016100       0xfd Core/Src/main.o
 .debug_macro   0x00000000000161fd       0x10 Core/Src/main.o
 .debug_macro   0x000000000001620d       0x10 Core/Src/main.o
 .debug_macro   0x000000000001621d       0x1c Core/Src/main.o
 .debug_macro   0x0000000000016239       0x52 Core/Src/main.o
 .debug_macro   0x000000000001628b       0x40 Core/Src/main.o
 .debug_macro   0x00000000000162cb       0x10 Core/Src/main.o
 .debug_macro   0x00000000000162db       0x40 Core/Src/main.o
 .debug_macro   0x000000000001631b       0xd7 Core/Src/main.o
 .debug_macro   0x00000000000163f2       0x1c Core/Src/main.o
 .debug_macro   0x000000000001640e       0x3d Core/Src/main.o
 .debug_macro   0x000000000001644b       0x16 Core/Src/main.o
 .debug_macro   0x0000000000016461      0x145 Core/Src/main.o
 .debug_macro   0x00000000000165a6       0xbd Core/Src/main.o
 .debug_macro   0x0000000000016663       0x56 Core/Src/main.o
 .debug_macro   0x00000000000166b9      0x19d Core/Src/stm32f1xx_hal_msp.o
 .debug_macro   0x0000000000016856      0x1a7 Core/Src/stm32f1xx_it.o
 .debug_macro   0x00000000000169fd      0x18e Core/Src/system_stm32f1xx.o
 .debug_macro   0x0000000000016b8b      0x1b2 Drivers/STM32F1xx_HAL_Driver/Src/stm32f1xx_hal.o
 .debug_macro   0x0000000000016d3d      0x18e Drivers/STM32F1xx_HAL_Driver/Src/stm32f1xx_hal_cortex.o
 .debug_macro   0x0000000000016ecb      0x1f9 Drivers/STM32F1xx_HAL_Driver/Src/stm32f1xx_hal_gpio.o
 .debug_macro   0x00000000000170c4      0x1a0 Drivers/STM32F1xx_HAL_Driver/Src/stm32f1xx_hal_rcc.o
 .debug_macro   0x0000000000017264      0x196 Drivers/STM32F1xx_HAL_Driver/Src/stm32f1xx_hal_spi.o

.debug_line     0x0000000000000000     0x5fe4
 .debug_line    0x0000000000000000      0x385 Core/Src/ST7735/fonts.o
 .debug_line    0x0000000000000385      0xad8 Core/Src/ST7735/st7735.o
 .debug_line    0x0000000000000e5d      0xb11 Core/Src/main.o
 .debug_line    0x000000000000196e      0x673 Core/Src/stm32f1xx_hal_msp.o
 .debug_line    0x0000000000001fe1      0x6ed Core/Src/stm32f1xx_it.o
 .debug_line    0x00000000000026ce      0x66d Core/Src/system_stm32f1xx.o
 .debug_line    0x0000000000002d3b       0x87 Core/Startup/startup_stm32f103c8tx.o
 .debug_line    0x0000000000002dc2      0x820 Drivers/STM32F1xx_HAL_Driver/Src/stm32f1xx_hal.o
 .debug_line    0x00000000000035e2      0x8f7 Drivers/STM32F1xx_HAL_Driver/Src/stm32f1xx_hal_cortex.o
 .debug_line    0x0000000000003ed9      0x81c Drivers/STM32F1xx_HAL_Driver/Src/stm32f1xx_hal_gpio.o
 .debug_line    0x00000000000046f5      0x8e0 Drivers/STM32F1xx_HAL_Driver/Src/stm32f1xx_hal_rcc.o
 .debug_line    0x0000000000004fd5     0x100f Drivers/STM32F1xx_HAL_Driver/Src/stm32f1xx_hal_spi.o

.debug_str      0x0000000000000000    0x8237c
 .debug_str     0x0000000000000000     0x3b09 Core/Src/ST7735/fonts.o
                                       0x3c7f (size before relaxing)
 .debug_str     0x0000000000003b09    0x7bd0c Core/Src/ST7735/st7735.o
                                      0x7fc05 (size before relaxing)
 .debug_str     0x000000000007f815     0x1682 Core/Src/main.o
                                      0x80f2b (size before relaxing)
 .debug_str     0x0000000000080e97       0x81 Core/Src/stm32f1xx_hal_msp.o
                                      0x7c4cb (size before relaxing)
 .debug_str     0x0000000000080f18       0xbd Core/Src/stm32f1xx_it.o
                                      0x7c0bd (size before relaxing)
 .debug_str     0x0000000000080fd5       0x52 Core/Src/system_stm32f1xx.o
                                      0x7bff2 (size before relaxing)
 .debug_str     0x0000000000081027       0x36 Core/Startup/startup_stm32f103c8tx.o
                                         0x91 (size before relaxing)
 .debug_str     0x000000000008105d      0x55e Drivers/STM32F1xx_HAL_Driver/Src/stm32f1xx_hal.o
                                      0x7c683 (size before relaxing)
 .debug_str     0x00000000000815bb      0x300 Drivers/STM32F1xx_HAL_Driver/Src/stm32f1xx_hal_cortex.o
                                      0x7c68b (size before relaxing)
 .debug_str     0x00000000000818bb      0x324 Drivers/STM32F1xx_HAL_Driver/Src/stm32f1xx_hal_gpio.o
                                      0x7c3b6 (size before relaxing)
 .debug_str     0x0000000000081bdf      0x24f Drivers/STM32F1xx_HAL_Driver/Src/stm32f1xx_hal_rcc.o
                                      0x7c3ef (size before relaxing)
 .debug_str     0x0000000000081e2e      0x54e Drivers/STM32F1xx_HAL_Driver/Src/stm32f1xx_hal_spi.o
                                      0x7c8fe (size before relaxing)

.comment        0x0000000000000000       0x7b
 .comment       0x0000000000000000       0x7b Core/Src/ST7735/fonts.o
                                         0x7c (size before relaxing)
 .comment       0x000000000000007b       0x7c Core/Src/ST7735/st7735.o
 .comment       0x000000000000007b       0x7c Core/Src/main.o
 .comment       0x000000000000007b       0x7c Core/Src/stm32f1xx_hal_msp.o
 .comment       0x000000000000007b       0x7c Core/Src/stm32f1xx_it.o
 .comment       0x000000000000007b       0x7c Core/Src/system_stm32f1xx.o
 .comment       0x000000000000007b       0x7c Drivers/STM32F1xx_HAL_Driver/Src/stm32f1xx_hal.o
 .comment       0x000000000000007b       0x7c Drivers/STM32F1xx_HAL_Driver/Src/stm32f1xx_hal_cortex.o
 .comment       0x000000000000007b       0x7c Drivers/STM32F1xx_HAL_Driver/Src/stm32f1xx_hal_gpio.o
 .comment       0x000000000000007b       0x7c Drivers/STM32F1xx_HAL_Driver/Src/stm32f1xx_hal_rcc.o
 .comment       0x000000000000007b       0x7c Drivers/STM32F1xx_HAL_Driver/Src/stm32f1xx_hal_spi.o

.debug_ranges   0x0000000000000000      0x628
 .debug_ranges  0x0000000000000000       0xb0 Core/Src/ST7735/st7735.o
 .debug_ranges  0x00000000000000b0       0x88 Core/Src/main.o
 .debug_ranges  0x0000000000000138       0x20 Core/Src/stm32f1xx_hal_msp.o
 .debug_ranges  0x0000000000000158       0x50 Core/Src/stm32f1xx_it.o
 .debug_ranges  0x00000000000001a8       0x18 Core/Src/system_stm32f1xx.o
 .debug_ranges  0x00000000000001c0       0x20 Core/Startup/startup_stm32f103c8tx.o
 .debug_ranges  0x00000000000001e0       0xd0 Drivers/STM32F1xx_HAL_Driver/Src/stm32f1xx_hal.o
 .debug_ranges  0x00000000000002b0       0xf0 Drivers/STM32F1xx_HAL_Driver/Src/stm32f1xx_hal_cortex.o
 .debug_ranges  0x00000000000003a0       0x48 Drivers/STM32F1xx_HAL_Driver/Src/stm32f1xx_hal_gpio.o
 .debug_ranges  0x00000000000003e8       0x80 Drivers/STM32F1xx_HAL_Driver/Src/stm32f1xx_hal_rcc.o
 .debug_ranges  0x0000000000000468      0x1c0 Drivers/STM32F1xx_HAL_Driver/Src/stm32f1xx_hal_spi.o

.debug_frame    0x0000000000000000     0x1a5c
 .debug_frame   0x0000000000000000      0x318 Core/Src/ST7735/st7735.o
 .debug_frame   0x0000000000000318      0x234 Core/Src/main.o
 .debug_frame   0x000000000000054c       0x80 Core/Src/stm32f1xx_hal_msp.o
 .debug_frame   0x00000000000005cc      0x104 Core/Src/stm32f1xx_it.o
 .debug_frame   0x00000000000006d0       0x58 Core/Src/system_stm32f1xx.o
 .debug_frame   0x0000000000000728      0x334 Drivers/STM32F1xx_HAL_Driver/Src/stm32f1xx_hal.o
 .debug_frame   0x0000000000000a5c      0x428 Drivers/STM32F1xx_HAL_Driver/Src/stm32f1xx_hal_cortex.o
 .debug_frame   0x0000000000000e84      0x14c Drivers/STM32F1xx_HAL_Driver/Src/stm32f1xx_hal_gpio.o
 .debug_frame   0x0000000000000fd0      0x21c Drivers/STM32F1xx_HAL_Driver/Src/stm32f1xx_hal_rcc.o
 .debug_frame   0x00000000000011ec      0x824 Drivers/STM32F1xx_HAL_Driver/Src/stm32f1xx_hal_spi.o
 .debug_frame   0x0000000000001a10       0x2c c:/st/stm32cubeide_1.5.1/stm32cubeide/plugins/com.st.stm32cube.ide.mcu.externaltools.gnu-tools-for-stm32.7-2018-q2-update.win32_1.5.0.202011040924/tools/bin/../lib/gcc/arm-none-eabi/7.3.1/../../../../arm-none-eabi/lib/thumb/v7-m\libc_nano.a(lib_a-init.o)
 .debug_frame   0x0000000000001a3c       0x20 c:/st/stm32cubeide_1.5.1/stm32cubeide/plugins/com.st.stm32cube.ide.mcu.externaltools.gnu-tools-for-stm32.7-2018-q2-update.win32_1.5.0.202011040924/tools/bin/../lib/gcc/arm-none-eabi/7.3.1/../../../../arm-none-eabi/lib/thumb/v7-m\libc_nano.a(lib_a-memset.o)
